Line 9:  NO; x in [2, 2]
Line 10: YES; y in [1, 1]
Line 11: YES; x in [2, 2]
Line 12:  NO; y in [1, 1]
Line 13:  NO; x in [2, 2]
Line 14:  NO; y in [1, 1]
Line 20: YES; x in [1, 1]
Line 21:  NO; y in [2, 2]
Line 22:  NO; x in [1, 1]
Line 23: YES; y in [2, 2]
Line 24:  NO; x in [1, 1]
Line 25:  NO; y in [2, 2]
