Line 8:  NO; x in [2, 2]
Line 9: YES; y in [1, 1]
Line 10: YES; x in [2, 2]
Line 11:  NO; y in [1, 1]
Line 12:  NO; x in [2, 2]
Line 13:  NO; y in [1, 1]
Line 19: YES; x in [1, 1]
Line 20:  NO; y in [2, 2]
Line 21:  NO; x in [1, 1]
Line 22: YES; y in [2, 2]
Line 23:  NO; x in [1, 1]
Line 24:  NO; y in [2, 2]
